// Jest Snapshot v1, https://goo.gl/fbAQLP

exports[`tests component ActionSection Perform snapshots test ActionSection 1`] = `
Object {
  "asFragment": [Function],
  "baseElement": <body>
    <div>
      <div
        class="my-4 flex items-center md:justify-center justify-between lg:justify-center pb-4 border-b-2"
      >
        <button
          class="ant-btn ant-btn-primary ant-btn-lg mr-3 bg-blue-400 md:px-6 lg:px-6 px-5 py-4 text-xl flex items-center justify-center"
          data-testid="add-button"
          title="Tambah"
          type="button"
        >
          <span>
            +
          </span>
        </button>
        <button
          class="ant-btn ant-btn-primary ant-btn-lg mr-3 bg-blue-400 md:px-6 lg:px-6 px-5 py-4 text-xl flex items-center justify-center"
          data-testid="substract-button"
          title="Kurang"
          type="button"
        >
          <span>
            -
          </span>
        </button>
        <button
          class="ant-btn ant-btn-primary ant-btn-lg mr-3 bg-blue-400 md:px-6 lg:px-6 px-5 py-4 text-xl flex items-center justify-center"
          data-testid="multiply-button"
          title="Kali"
          type="button"
        >
          <span>
            X
          </span>
        </button>
        <button
          class="ant-btn ant-btn-primary ant-btn-lg mr-3 bg-blue-400 md:px-6 lg:px-6 px-5 py-4 text-xl flex items-center justify-center"
          data-testid="divide-button"
          title="Bagi"
          type="button"
        >
          <span>
            /
          </span>
        </button>
        <button
          class="ant-btn ant-btn-primary ant-btn-lg bg-blue-400 md:px-6 lg:px-6 px-5 py-4 text-xl flex items-center justify-center"
          data-testid="reset-button"
          title="Reset"
          type="button"
        >
          <span>
            C
          </span>
        </button>
      </div>
    </div>
  </body>,
  "container": <div>
    <div
      class="my-4 flex items-center md:justify-center justify-between lg:justify-center pb-4 border-b-2"
    >
      <button
        class="ant-btn ant-btn-primary ant-btn-lg mr-3 bg-blue-400 md:px-6 lg:px-6 px-5 py-4 text-xl flex items-center justify-center"
        data-testid="add-button"
        title="Tambah"
        type="button"
      >
        <span>
          +
        </span>
      </button>
      <button
        class="ant-btn ant-btn-primary ant-btn-lg mr-3 bg-blue-400 md:px-6 lg:px-6 px-5 py-4 text-xl flex items-center justify-center"
        data-testid="substract-button"
        title="Kurang"
        type="button"
      >
        <span>
          -
        </span>
      </button>
      <button
        class="ant-btn ant-btn-primary ant-btn-lg mr-3 bg-blue-400 md:px-6 lg:px-6 px-5 py-4 text-xl flex items-center justify-center"
        data-testid="multiply-button"
        title="Kali"
        type="button"
      >
        <span>
          X
        </span>
      </button>
      <button
        class="ant-btn ant-btn-primary ant-btn-lg mr-3 bg-blue-400 md:px-6 lg:px-6 px-5 py-4 text-xl flex items-center justify-center"
        data-testid="divide-button"
        title="Bagi"
        type="button"
      >
        <span>
          /
        </span>
      </button>
      <button
        class="ant-btn ant-btn-primary ant-btn-lg bg-blue-400 md:px-6 lg:px-6 px-5 py-4 text-xl flex items-center justify-center"
        data-testid="reset-button"
        title="Reset"
        type="button"
      >
        <span>
          C
        </span>
      </button>
    </div>
  </div>,
  "debug": [Function],
  "findAllByAltText": [Function],
  "findAllByDisplayValue": [Function],
  "findAllByLabelText": [Function],
  "findAllByPlaceholderText": [Function],
  "findAllByRole": [Function],
  "findAllByTestId": [Function],
  "findAllByText": [Function],
  "findAllByTitle": [Function],
  "findByAltText": [Function],
  "findByDisplayValue": [Function],
  "findByLabelText": [Function],
  "findByPlaceholderText": [Function],
  "findByRole": [Function],
  "findByTestId": [Function],
  "findByText": [Function],
  "findByTitle": [Function],
  "getAllByAltText": [Function],
  "getAllByDisplayValue": [Function],
  "getAllByLabelText": [Function],
  "getAllByPlaceholderText": [Function],
  "getAllByRole": [Function],
  "getAllByTestId": [Function],
  "getAllByText": [Function],
  "getAllByTitle": [Function],
  "getByAltText": [Function],
  "getByDisplayValue": [Function],
  "getByLabelText": [Function],
  "getByPlaceholderText": [Function],
  "getByRole": [Function],
  "getByTestId": [Function],
  "getByText": [Function],
  "getByTitle": [Function],
  "queryAllByAltText": [Function],
  "queryAllByDisplayValue": [Function],
  "queryAllByLabelText": [Function],
  "queryAllByPlaceholderText": [Function],
  "queryAllByRole": [Function],
  "queryAllByTestId": [Function],
  "queryAllByText": [Function],
  "queryAllByTitle": [Function],
  "queryByAltText": [Function],
  "queryByDisplayValue": [Function],
  "queryByLabelText": [Function],
  "queryByPlaceholderText": [Function],
  "queryByRole": [Function],
  "queryByTestId": [Function],
  "queryByText": [Function],
  "queryByTitle": [Function],
  "rerender": [Function],
  "unmount": [Function],
}
`;
